0 verbose cli C:\Program Files\nodejs\node.exe C:\Program Files\nodejs\node_modules\npm\bin\npm-cli.js
1 info using npm@8.19.4
2 info using node@v16.20.2
3 timing npm:load:whichnode Completed in 0ms
4 timing config:load:defaults Completed in 3ms
5 timing config:load:file:C:\Program Files\nodejs\node_modules\npm\npmrc Completed in 4ms
6 timing config:load:builtin Completed in 4ms
7 timing config:load:cli Completed in 2ms
8 timing config:load:env Completed in 0ms
9 timing config:load:file:C:\PycharmProjects\Sprint_6\.npmrc Completed in 0ms
10 timing config:load:project Completed in 1ms
11 timing config:load:file:C:\Users\Анастасия Суханова\.npmrc Completed in 1ms
12 timing config:load:user Completed in 1ms
13 timing config:load:file:C:\Users\Анастасия Суханова\AppData\Roaming\npm\etc\npmrc Completed in 0ms
14 timing config:load:global Completed in 0ms
15 timing config:load:validate Completed in 0ms
16 timing config:load:credentials Completed in 0ms
17 timing config:load:setEnvs Completed in 1ms
18 timing config:load Completed in 13ms
19 timing npm:load:configload Completed in 13ms
20 timing npm:load:mkdirpcache Completed in 0ms
21 timing npm:load:mkdirplogs Completed in 1ms
22 verbose title npm install ini
23 verbose argv "install" "ini" "--registry" "https://registry.npmjs.org/"
24 timing npm:load:setTitle Completed in 1ms
25 timing config:load:flatten Completed in 1ms
26 timing npm:load:display Completed in 2ms
27 verbose logfile logs-max:10 dir:C:\PycharmProjects\Sprint_6\.npm\_logs
28 verbose logfile C:\PycharmProjects\Sprint_6\.npm\_logs\2025-04-25T13_54_27_885Z-debug-0.log
29 timing npm:load:logFile Completed in 4ms
30 timing npm:load:timers Completed in 0ms
31 timing npm:load:configScope Completed in 1ms
32 timing npm:load Completed in 22ms
33 timing arborist:ctor Completed in 0ms
34 silly logfile done cleaning log files
35 timing arborist:ctor Completed in 0ms
36 timing idealTree:init Completed in 7ms
37 timing idealTree:userRequests Completed in 2ms
38 silly idealTree buildDeps
39 silly fetch manifest ini@*
40 http fetch GET 200 https://registry.npmjs.org/ini 157ms (cache miss)
41 silly placeDep ROOT ini@5.0.0 OK for:  want: *
42 timing idealTree:#root Completed in 164ms
43 timing idealTree:node_modules/ini Completed in 0ms
44 timing idealTree:buildDeps Completed in 164ms
45 timing idealTree:fixDepFlags Completed in 0ms
46 warn EBADENGINE Unsupported engine {
46 warn EBADENGINE   package: 'ini@5.0.0',
46 warn EBADENGINE   required: { node: '^18.17.0 || >=20.5.0' },
46 warn EBADENGINE   current: { node: 'v16.20.2', npm: '8.19.4' }
46 warn EBADENGINE }
47 timing idealTree Completed in 177ms
48 timing reify:loadTrees Completed in 178ms
49 timing reify:diffTrees Completed in 0ms
50 silly reify moves {}
51 timing reify:retireShallow Completed in 0ms
52 timing reify:createSparse Completed in 3ms
53 timing reify:loadBundles Completed in 0ms
54 silly audit bulk request { ini: [ '5.0.0' ] }
55 silly tarball no local data for ini@https://registry.npmjs.org/ini/-/ini-5.0.0.tgz. Extracting by manifest.
56 http fetch GET 200 https://registry.npmjs.org/npm 257ms (cache miss)
57 http fetch GET 200 https://registry.npmjs.org/ini/-/ini-5.0.0.tgz 122ms (cache miss)
58 timing reifyNode:node_modules/ini Completed in 128ms
59 timing reify:unpack Completed in 128ms
60 timing reify:unretire Completed in 0ms
61 timing build:queue Completed in 0ms
62 timing build:deps Completed in 1ms
63 timing build Completed in 1ms
64 timing reify:build Completed in 1ms
65 timing reify:trash Completed in 0ms
66 timing reify:save Completed in 4ms
67 http fetch POST 200 https://registry.npmjs.org/-/npm/v1/security/advisories/bulk 279ms
68 timing auditReport:getReport Completed in 279ms
69 silly audit report {}
70 timing auditReport:init Completed in 0ms
71 timing reify:audit Completed in 280ms
72 timing reify Completed in 496ms
73 silly ADD node_modules/ini
74 timing command:install Completed in 500ms
75 notice
75 notice New [31mmajor[39m version of npm available! [31m8.19.4[39m -> [32m11.3.0[39m
75 notice Changelog: [36mhttps://github.com/npm/cli/releases/tag/v11.3.0[39m
75 notice Run [32mnpm install -g npm@11.3.0[39m to update!
75 notice
76 verbose exit 0
77 timing npm Completed in 684ms
78 info ok
